// Jest Snapshot v1, https://goo.gl/fbAQLP

exports[`These are tests for the businesses page  renders without crashing 1`] = `
<div
  className="row"
>
  <div
    className="col-sm-9 content-wrapper"
  >
    <div
      className="panel-heading"
    >
      <h3
        className="panel-title"
      >
        <b>
          All Registered Businesses
        </b>
      </h3>
    </div>
    <div
      className="panel panel-default"
    >
      <div
        className="panel-body"
      >
        <div
          className="row text-right"
        >
          <div
            className="col-xs-6"
          />
          <div
            className="col-xs-6 "
          >
            <select
              className="form-control"
              id="limit"
              onChange={[Function]}
            >
              <option>
                Limit records per page
              </option>
              <option
                value="1"
              >
                1
              </option>
              <option
                value="2"
              >
                2
              </option>
              <option
                value="3"
              >
                3
              </option>
            </select>
          </div>
        </div>
        <br />
        <div
          className="clearfix"
        />
        <div
          className="table-responsive"
        >
          <table
            className="table table-striped table-bordered table-condensed table-hover"
          >
            <thead>
              <tr>
                <th>
                  Date of Creation
                </th>
                <th>
                  Name
                </th>
                <th>
                  Location
                </th>
                <th>
                  Category
                </th>
                <th>
                  Description
                </th>
                <th>
                  View
                </th>
              </tr>
            </thead>
            <tbody />
          </table>
        </div>
        <div
          className="row text-center"
        >
          <ul
            className="pagination"
          >
            <li
              aria-label="Prev"
              className=""
            >
              <a
                href="#"
                onClick={[Function]}
                onKeyDown={[Function]}
                role="button"
              >
                ‹
              </a>
            </li>
            <li
              aria-label="Next"
              className=""
            >
              <a
                href="#"
                onClick={[Function]}
                onKeyDown={[Function]}
                role="button"
              >
                ›
              </a>
            </li>
          </ul>
        </div>
      </div>
    </div>
  </div>
</div>
`;
