// Jest Snapshot v1, https://goo.gl/fbAQLP

exports[`These are tests for the review form  renders without crashing 1`] = `
<div
  className="row"
>
  <div
    className="col-sm-9 content-wrapper"
  >
    <div
      className="row"
    >
      <div
        className="col-xs-12 col-sm-4"
      >
        <div
          className="row"
        >
          <div
            className="col-xs-12"
          >
            <img
              alt=""
              className="img-responsive img-thumbnail"
              src="briefcase.ico"
            />
            <h4>
              <b>
                Business name: 
              </b>
               
              <span
                className="text text-info"
              />
            </h4>
            <h4>
              <b>
                Category: 
              </b>
               
              <span
                className="text text-info"
              />
            </h4>
            <h4>
              <b>
                Location: 
              </b>
               
              <span
                className="text text-info"
              />
            </h4>
            <h4>
              <u>
                <b>
                  Description
                </b>
              </u>
            </h4>
            <p
              className="text text-info"
            />
          </div>
        </div>
      </div>
      <div
        className="col-xs-12 col-sm-8"
      >
        <form
          className="form"
          method="POST"
          onSubmit={[Function]}
        >
          <legend
            className="text-info"
          >
            Leave a review
          </legend>
          <div
            className="form-group"
          >
            <div
              className="row"
            >
              <div
                className="col-sm-9"
              >
                <textarea
                  className="form-control"
                  id="review"
                  name="review"
                  onChange={[Function]}
                  placeholder="Leave Review Here"
                  required="required"
                  value=""
                />
              </div>
              <div
                className="col-sm-3"
              >
                <button
                  className="btn btn-success btn-block"
                  disabled={false}
                  type="submit"
                >
                  <i
                    className="glyphicon glyphicon-plus"
                    type="submit"
                  />
                   Add Review
                </button>
              </div>
            </div>
          </div>
        </form>
      </div>
    </div>
  </div>
</div>
`;
