// Jest Snapshot v1, https://goo.gl/fbAQLP

exports[`These are tests for the login form  renders without crashing 1`] = `
<div
  className="row"
>
  <div
    className="col-xs-2"
  >
    <img
      alt=""
      className="img-responsive img-circle"
      src="comment-icon.jpg"
    />
  </div>
  <div
    className="col-xs-10"
  >
    <h4
      className="list-group-item-heading"
    >
      Author: 
      <span
        className="text-primary"
      />
    </h4>
    <blockquote
      className="list-group-item-text"
    />
    <small
      className="text text-right text-primary"
    />
    <hr />
  </div>
  <br />
</div>
`;
