// Jest Snapshot v1, https://goo.gl/fbAQLP

exports[`These are tests for the login form  renders without crashing 1`] = `
<div
  className="row"
>
  <div
    className="col-sm-9 content-wrapper"
  >
    <img
      alt=""
      className="img-responsive img-rounded"
      src="business.png"
    />
  </div>
</div>
`;
