// Jest Snapshot v1, https://goo.gl/fbAQLP

exports[`These are tests for the login form  renders without crashing 1`] = `
<div
  className="row"
>
  <h1
    className="text-center"
  >
    <em>
      WeConnect
    </em>
  </h1>
  <div
    className="panel panel-default"
    id="login-panel"
  >
    <div
      className="panel-heading"
    >
      <h3
        className="panel-title"
      >
        Login
      </h3>
    </div>
    <div
      className="panel-body"
    >
      <form
        className="form"
        method="POST"
        onSubmit={[Function]}
      >
        <div
          className="form-group"
        >
          <input
            aria-describedby="email-addon"
            className="form-control"
            id="email"
            name="email"
            onChange={[Function]}
            placeholder="Enter email eg. johndoe@mail.com"
            required="required"
            type="email"
            value=""
          />
        </div>
        <div
          className="form-group"
        >
          <input
            aria-describedby="password-addon"
            className="form-control"
            id="password"
            name="password"
            onChange={[Function]}
            placeholder="Password"
            required="required"
            type="password"
            value=""
          />
        </div>
        <div
          className="form-group"
        >
          <button
            className="pull-left btn btn-default"
            disabled={false}
            onClick={[Function]}
            type="reset"
          >
            <i
              className="glyphicon glyphicon-refresh"
            />
             Reset
          </button>
          <button
            className="pull-right btn btn-success"
            disabled={false}
            type="submit"
          >
            <i
              className="glyphicon glyphicon-log-in"
            />
             Login
          </button>
          <div
            className="clearfix"
          />
        </div>
      </form>
      <div
        className="text-center"
      >
        <a
          href="/"
          onClick={[Function]}
        >
          Not a member? Register Today!
        </a>
      </div>
    </div>
  </div>
</div>
`;
