// Jest Snapshot v1, https://goo.gl/fbAQLP

exports[`These are tests for the login form  renders without crashing 1`] = `
<div
  className="row"
>
  <div
    className="col-sm-9 content-wrapper"
  >
    <div
      className="row"
    >
      <div
        className="col-xs-12 col-sm-4 text-center"
      >
        <img
          className="img-responsive img-rounded"
          src="reset_password.png"
        />
        <em
          class="text-info"
        >
          Secure your information by changing your password regularly
        </em>
      </div>
      <div
        className="col-xs-12 col-sm-8"
      >
        <div
          className="panel panel-default"
        >
          <div
            className="panel-body"
          >
            <form
              className="form"
              method="POST"
              onSubmit={[Function]}
            >
              <legend
                className="text text-center"
              >
                Reset Password
              </legend>
              <div
                className="form-group"
              >
                <input
                  aria-describedby="password-addon"
                  className="form-control"
                  id="password"
                  name="password"
                  onChange={[Function]}
                  placeholder="Password"
                  required="required"
                  type="password"
                  value=""
                />
              </div>
              <div
                className="form-group"
              >
                <input
                  aria-describedby="confirm_password-addon"
                  className="form-control"
                  id="confirm_password"
                  name="confirm_password"
                  onChange={[Function]}
                  placeholder="Confirm Password"
                  required="required"
                  type="password"
                  value=""
                />
              </div>
              <div
                className="form-group"
              >
                <button
                  className="pull-left btn btn-default"
                  disabled={false}
                  onClick={[Function]}
                  type="reset"
                >
                  <i
                    className="glyphicon glyphicon-refresh"
                  />
                   Reset
                </button>
                <button
                  className="pull-right btn btn-warning"
                  disabled={false}
                  type="submit"
                >
                  <i
                    className="glyphicon glyphicon-wrench"
                  />
                   Reset Password
                </button>
                <div
                  className="clearfix"
                />
              </div>
            </form>
          </div>
        </div>
      </div>
    </div>
  </div>
</div>
`;
